[35m[1mConsolidate compiler generated dependencies of target offboard_ros2__rosidl_generator_c[0m
[35m[1mConsolidate compiler generated dependencies of target offboard_ctrl_ros2[0m
[35m[1mConsolidate compiler generated dependencies of target gazebo_ctrl_ros2[0m
[  2%] [32mBuilding CXX object CMakeFiles/stair_ctrl_ros2.dir/src/stair_ctrl_ros2.cpp.o[0m
[ 10%] Built target offboard_ros2__rosidl_generator_c
[ 13%] Built target offboard_ros2__cpp
[ 18%] Built target offboard_ctrl_ros2
[ 18%] Built target ament_cmake_python_copy_offboard_ros2
[ 21%] [34m[1mGenerating C introspection for ROS interfaces[0m
[ 27%] Built target gazebo_ctrl_ros2
[ 29%] [34m[1mGenerating C type support for eProsima Fast-RTPS[0m
[ 32%] [34m[1mGenerating C type support dispatch for ROS interfaces[0m
[ 35%] [34m[1mGenerating C++ introspection for ROS interfaces[0m
In file included from [01m[K/home/orinnano/SDK_ros2_ws/src/offboard_ros2/src/stair_ctrl_ros2.cpp:1[m[K:
[01m[K/home/orinnano/SDK_ros2_ws/src/offboard_ros2/include/offboard_ros2/stair_ctrl_ros2.h:8:10:[m[K [01;31m[Kfatal error: [m[Koffboard_ros2/CombinedData.hpp: No such file or directory
    8 | #include [01;31m[K<offboard_ros2/CombinedData.hpp>[m[K
      |          [01;31m[K^~~~~~~~~~~~~~~~~~~~~~~~~~~~~~~~[m[K
compilation terminated.
gmake[2]: *** [CMakeFiles/stair_ctrl_ros2.dir/build.make:76: CMakeFiles/stair_ctrl_ros2.dir/src/stair_ctrl_ros2.cpp.o] Error 1
gmake[1]: *** [CMakeFiles/Makefile2:648: CMakeFiles/stair_ctrl_ros2.dir/all] Error 2
gmake[1]: *** Waiting for unfinished jobs....
[ 37%] [32mBuilding CXX object CMakeFiles/offboard_ros2__rosidl_typesupport_c.dir/rosidl_typesupport_c/offboard_ros2/msg/combined_data__type_support.cpp.o[0m
[ 40%] [32mBuilding C object CMakeFiles/offboard_ros2__rosidl_typesupport_introspection_c.dir/rosidl_typesupport_introspection_c/offboard_ros2/msg/detail/combined_data__type_support.c.o[0m
running egg_info
writing offboard_ros2.egg-info/PKG-INFO
writing dependency_links to offboard_ros2.egg-info/dependency_links.txt
writing top-level names to offboard_ros2.egg-info/top_level.txt
reading manifest file 'offboard_ros2.egg-info/SOURCES.txt'
writing manifest file 'offboard_ros2.egg-info/SOURCES.txt'
[ 43%] [32m[1mLinking CXX shared library liboffboard_ros2__rosidl_typesupport_c.so[0m
[ 45%] [32mBuilding CXX object CMakeFiles/offboard_ros2__rosidl_typesupport_introspection_cpp.dir/rosidl_typesupport_introspection_cpp/offboard_ros2/msg/detail/combined_data__type_support.cpp.o[0m
[ 48%] [32m[1mLinking C shared library liboffboard_ros2__rosidl_typesupport_introspection_c.so[0m
[ 48%] Built target ament_cmake_python_build_offboard_ros2_egg
[ 51%] [32mBuilding CXX object CMakeFiles/offboard_ros2__rosidl_typesupport_fastrtps_c.dir/rosidl_typesupport_fastrtps_c/offboard_ros2/msg/detail/combined_data__type_support_c.cpp.o[0m
[ 51%] Built target offboard_ros2__rosidl_typesupport_c
[ 51%] Built target offboard_ros2__rosidl_typesupport_introspection_c
[ 54%] [32m[1mLinking CXX shared library liboffboard_ros2__rosidl_typesupport_fastrtps_c.so[0m
[ 56%] [32m[1mLinking CXX shared library liboffboard_ros2__rosidl_typesupport_introspection_cpp.so[0m
[ 56%] Built target offboard_ros2__rosidl_typesupport_introspection_cpp
[ 56%] Built target offboard_ros2__rosidl_typesupport_fastrtps_c
gmake: *** [Makefile:146: all] Error 2
