-- The C compiler identification is GNU 11.4.0
-- The CXX compiler identification is GNU 11.4.0
-- Detecting C compiler ABI info
-- Detecting C compiler ABI info - done
-- Check for working C compiler: /usr/bin/cc - skipped
-- Detecting C compile features
-- Detecting C compile features - done
-- Detecting CXX compiler ABI info
-- Detecting CXX compiler ABI info - done
-- Check for working CXX compiler: /usr/bin/c++ - skipped
-- Detecting CXX compile features
-- Detecting CXX compile features - done
-- Found ament_cmake: 1.3.9 (/home/orinnano/ros2_humble/install/ament_cmake/share/ament_cmake/cmake)
-- Found Python3: /usr/bin/python3 (found version "3.10.12") found components: Interpreter 
-- Found rclcpp: 16.0.9 (/home/orinnano/ros2_humble/install/rclcpp/share/rclcpp/cmake)
-- Found rosidl_generator_c: 3.1.5 (/home/orinnano/ros2_humble/install/rosidl_generator_c/share/rosidl_generator_c/cmake)
-- Found rosidl_adapter: 3.1.5 (/home/orinnano/ros2_humble/install/rosidl_adapter/share/rosidl_adapter/cmake)
-- Found rosidl_generator_cpp: 3.1.5 (/home/orinnano/ros2_humble/install/rosidl_generator_cpp/share/rosidl_generator_cpp/cmake)
-- Using all available rosidl_typesupport_c: rosidl_typesupport_fastrtps_c;rosidl_typesupport_introspection_c
-- Using all available rosidl_typesupport_cpp: rosidl_typesupport_fastrtps_cpp;rosidl_typesupport_introspection_cpp
-- Found rmw_implementation_cmake: 6.1.2 (/home/orinnano/ros2_humble/install/rmw_implementation_cmake/share/rmw_implementation_cmake/cmake)
-- Found rmw_fastrtps_cpp: 6.2.6 (/home/orinnano/ros2_humble/install/rmw_fastrtps_cpp/share/rmw_fastrtps_cpp/cmake)
-- Found OpenSSL: /usr/lib/aarch64-linux-gnu/libcrypto.so (found version "3.0.2")  
-- Found FastRTPS: /home/orinnano/ros2_humble/install/fastrtps/include  
-- Using RMW implementation 'rmw_fastrtps_cpp' as default
-- Looking for pthread.h
-- Looking for pthread.h - found
-- Performing Test CMAKE_HAVE_LIBC_PTHREAD
-- Performing Test CMAKE_HAVE_LIBC_PTHREAD - Success
-- Found Threads: TRUE  
-- Found mavros_msgs: 2.8.0 (/home/orinnano/SDK_ros2_ws/install/mavros_msgs/share/mavros_msgs/cmake)
-- Found nav_msgs: 4.2.4 (/home/orinnano/ros2_humble/install/nav_msgs/share/nav_msgs/cmake)
-- Found tf2: 0.25.7 (/home/orinnano/ros2_humble/install/tf2/share/tf2/cmake)
-- Found tf2_ros: 0.25.7 (/home/orinnano/ros2_humble/install/tf2_ros/share/tf2_ros/cmake)
-- Found rosidl_default_generators: 1.2.0 (/home/orinnano/ros2_humble/install/rosidl_default_generators/share/rosidl_default_generators/cmake)
-- Found ament_cmake_ros: 0.10.0 (/home/orinnano/ros2_humble/install/ament_cmake_ros/share/ament_cmake_ros/cmake)
-- Using all available rosidl_typesupport_c: rosidl_typesupport_fastrtps_c;rosidl_typesupport_introspection_c
-- Using all available rosidl_typesupport_cpp: rosidl_typesupport_fastrtps_cpp;rosidl_typesupport_introspection_cpp
-- Found PythonInterp: /usr/bin/python3 (found suitable version "3.10.12", minimum required is "3.6") 
-- Found python_cmake_module: 0.10.0 (/home/orinnano/ros2_humble/install/python_cmake_module/share/python_cmake_module/cmake)
-- Found PythonLibs: /usr/lib/aarch64-linux-gnu/libpython3.10.so (found suitable version "3.10.12", minimum required is "3.5") 
-- Using PYTHON_EXECUTABLE: /usr/bin/python3
-- Using PYTHON_INCLUDE_DIRS: /usr/include/python3.10
-- Using PYTHON_LIBRARIES: /usr/lib/aarch64-linux-gnu/libpython3.10.so
-- Found PythonExtra: .so  
-- Found ament_lint_auto: 0.12.11 (/home/orinnano/ros2_humble/install/ament_lint_auto/share/ament_lint_auto/cmake)
-- Added test 'cppcheck' to perform static code analysis on C / C++ code
-- Configured cppcheck include dirs: /home/orinnano/SDK_ros2_ws/src/offboard_ros2/include;/home/orinnano/SDK_ros2_ws/src/offboard_ros2/build/offboard_ros2;$<BUILD_INTERFACE:/home/orinnano/SDK_ros2_ws/src/offboard_ros2/build/offboard_ros2/rosidl_generator_c>;$<BUILD_INTERFACE:/home/orinnano/SDK_ros2_ws/src/offboard_ros2/build/offboard_ros2/rosidl_typesupport_fastrtps_c>;$<BUILD_INTERFACE:/home/orinnano/SDK_ros2_ws/src/offboard_ros2/build/offboard_ros2/rosidl_generator_cpp>;$<BUILD_INTERFACE:/home/orinnano/SDK_ros2_ws/src/offboard_ros2/build/offboard_ros2/rosidl_typesupport_fastrtps_cpp>;$<BUILD_INTERFACE:/home/orinnano/SDK_ros2_ws/src/offboard_ros2/build/offboard_ros2/rosidl_typesupport_introspection_c>;$<BUILD_INTERFACE:/home/orinnano/SDK_ros2_ws/src/offboard_ros2/build/offboard_ros2/rosidl_typesupport_introspection_cpp>;/home/orinnano/SDK_ros2_ws/src/offboard_ros2/build/offboard_ros2/rosidl_generator_c;/home/orinnano/SDK_ros2_ws/src/offboard_ros2/build/offboard_ros2/rosidl_generator_py
-- Configured cppcheck exclude dirs and/or files: 
-- Added test 'flake8' to check Python code syntax and style conventions
-- Added test 'lint_cmake' to check CMake code style
-- Added test 'pep257' to check Python code against some of the docstring style conventions in PEP 257
-- Added test 'uncrustify' to check C / C++ code style
-- Configured uncrustify additional arguments: 
-- Added test 'xmllint' to check XML markup files
-- Configuring done
-- Generating done
-- Build files have been written to: /home/orinnano/SDK_ros2_ws/src/offboard_ros2/build/offboard_ros2
[  2%] [34m[1mGenerating C code for ROS interfaces[0m
[  8%] [32mBuilding CXX object CMakeFiles/offboard_ctrl_ros2.dir/src/offboard_ctrl_ros2.cpp.o[0m
[  8%] [32mBuilding CXX object CMakeFiles/gazebo_ctrl_ros2.dir/src/gazebo_ctrl_ros2.cpp.o[0m
[ 10%] [32mBuilding CXX object CMakeFiles/stair_ctrl_ros2.dir/src/stair_ctrl_ros2.cpp.o[0m
[ 13%] [34m[1mGenerating C++ code for ROS interfaces[0m
[ 13%] Built target ament_cmake_python_copy_offboard_ros2
[ 13%] Built target offboard_ros2__cpp
[ 16%] [32mBuilding C object CMakeFiles/offboard_ros2__rosidl_generator_c.dir/rosidl_generator_c/offboard_ros2/msg/detail/combined_data__functions.c.o[0m
running egg_info
creating offboard_ros2.egg-info
writing offboard_ros2.egg-info/PKG-INFO
writing dependency_links to offboard_ros2.egg-info/dependency_links.txt
writing top-level names to offboard_ros2.egg-info/top_level.txt
writing manifest file 'offboard_ros2.egg-info/SOURCES.txt'
[ 18%] [32m[1mLinking C shared library liboffboard_ros2__rosidl_generator_c.so[0m
reading manifest file 'offboard_ros2.egg-info/SOURCES.txt'
writing manifest file 'offboard_ros2.egg-info/SOURCES.txt'
[ 18%] Built target ament_cmake_python_build_offboard_ros2_egg
[ 18%] Built target offboard_ros2__rosidl_generator_c
[ 21%] [32m[1mLinking CXX executable offboard_ctrl_ros2[0m
[ 24%] [32m[1mLinking CXX executable gazebo_ctrl_ros2[0m
[ 24%] Built target offboard_ctrl_ros2
[ 24%] Built target gazebo_ctrl_ros2
