[0.097s] Invoking command in '/home/orinnano/SDK_ros2_ws/src/offboard_ros2/build/offboard_ros2': CMAKE_PREFIX_PATH=${CMAKE_PREFIX_PATH}:/opt/ros/humble:/home/orinnano/ros2_humble/install/rqt_bag_plugins:/home/orinnano/ros2_humble/install/rqt_bag:/home/orinnano/ros2_humble/install/ros2bag:/home/orinnano/ros2_humble/install/tracetools_test:/home/orinnano/ros2_humble/install/tracetools_launch:/home/orinnano/ros2_humble/install/topic_monitor:/home/orinnano/ros2_humble/install/tf2_tools:/home/orinnano/ros2_humble/install/examples_tf2_py:/home/orinnano/ros2_humble/install/tf2_ros_py:/home/orinnano/ros2_humble/install/sros2:/home/orinnano/ros2_humble/install/rqt_topic:/home/orinnano/ros2_humble/install/rqt_srv:/home/orinnano/ros2_humble/install/rqt_shell:/home/orinnano/ros2_humble/install/rqt_service_caller:/home/orinnano/ros2_humble/install/rqt_reconfigure:/home/orinnano/ros2_humble/install/rqt_py_console:/home/orinnano/ros2_humble/install/rqt_publisher:/home/orinnano/ros2_humble/install/rqt_plot:/home/orinnano/ros2_humble/install/rqt_action:/home/orinnano/ros2_humble/install/rqt_msg:/home/orinnano/ros2_humble/install/rqt_console:/home/orinnano/ros2_humble/install/rqt:/home/orinnano/ros2_humble/install/rqt_graph:/home/orinnano/ros2_humble/install/rqt_gui_py:/home/orinnano/ros2_humble/install/rqt_gui:/home/orinnano/ros2_humble/install/ros2trace:/home/orinnano/ros2_humble/install/ros2topic:/home/orinnano/ros2_humble/install/ros2test:/home/orinnano/ros2_humble/install/ros2component:/home/orinnano/ros2_humble/install/ros2param:/home/orinnano/ros2_humble/install/ros2lifecycle:/home/orinnano/ros2_humble/install/ros2service:/home/orinnano/ros2_humble/install/ros2run:/home/orinnano/ros2_humble/install/ros2launch:/home/orinnano/ros2_humble/install/ros2pkg:/home/orinnano/ros2_humble/install/ros2node:/home/orinnano/ros2_humble/install/ros2multicast:/home/orinnano/ros2_humble/install/ros2interface:/home/orinnano/ros2_humble/install/ros2doctor:/home/orinnano/ros2_humble/install/ros2action:/home/orinnano/ros2_humble/install/ros2cli:/home/orinnano/ros2_humble/install/quality_of_service_demo_py:/home/orinnano/ros2_humble/install/lifecycle_py:/home/orinnano/ros2_humble/install/launch_testing_ros:/home/orinnano/ros2_humble/install/launch_ros:/home/orinnano/ros2_humble/install/examples_rclpy_pointcloud_publisher:/home/orinnano/ros2_humble/install/examples_rclpy_minimal_subscriber:/home/orinnano/ros2_humble/install/examples_rclpy_minimal_service:/home/orinnano/ros2_humble/install/examples_rclpy_minimal_publisher:/home/orinnano/ros2_humble/install/examples_rclpy_minimal_client:/home/orinnano/ros2_humble/install/examples_rclpy_minimal_action_server:/home/orinnano/ros2_humble/install/examples_rclpy_minimal_action_client:/home/orinnano/ros2_humble/install/examples_rclpy_guard_conditions:/home/orinnano/ros2_humble/install/examples_rclpy_executors:/home/orinnano/ros2_humble/install/demo_nodes_py:/home/orinnano/ros2_humble/install/action_tutorials_py:/home/orinnano/ros2_humble/install/ament_uncrustify:/home/orinnano/ros2_humble/install/tracetools_trace:/home/orinnano/ros2_humble/install/tracetools_read:/home/orinnano/ros2_humble/install/test_tracetools_launch:/home/orinnano/ros2_humble/install/test_launch_ros:/home/orinnano/ros2_humble/install/sensor_msgs_py:/home/orinnano/ros2_humble/install/rpyutils:/home/orinnano/ros2_humble/install/rosidl_runtime_py:/home/orinnano/ros2_humble/install/rosidl_cli:/home/orinnano/ros2_humble/install/launch_pytest:/home/orinnano/ros2_humble/install/launch_testing:/home/orinnano/ros2_humble/install/launch_yaml:/home/orinnano/ros2_humble/install/launch_xml:/home/orinnano/ros2_humble/install/launch:/home/orinnano/ros2_humble/install/osrf_pycommon:/home/orinnano/ros2_humble/install/launch_testing_examples:/home/orinnano/ros2_humble/install/domain_coordinator:/home/orinnano/ros2_humble/install/ament_xmllint:/home/orinnano/ros2_humble/install/ament_pyflakes:/home/orinnano/ros2_humble/install/ament_pycodestyle:/home/orinnano/ros2_humble/install/ament_pep257:/home/orinnano/ros2_humble/install/ament_pclint:/home/orinnano/ros2_humble/install/ament_package:/home/orinnano/ros2_humble/install/ament_mypy:/home/orinnano/ros2_humble/install/ament_lint_cmake:/home/orinnano/ros2_humble/install/ament_flake8:/home/orinnano/ros2_humble/install/ament_copyright:/home/orinnano/ros2_humble/install/ament_lint:/home/orinnano/ros2_humble/install/ament_index_python:/home/orinnano/ros2_humble/install/ament_cpplint:/home/orinnano/ros2_humble/install/ament_cppcheck:/home/orinnano/ros2_humble/install/ament_clang_tidy:/home/orinnano/ros2_humble/install/ament_clang_format CONDA_PROMPT_MODIFIER=(base) /usr/bin/cmake /home/orinnano/SDK_ros2_ws/src/offboard_ros2 -DCMAKE_INSTALL_PREFIX=/home/orinnano/SDK_ros2_ws/src/offboard_ros2/install/offboard_ros2
[0.381s] -- The C compiler identification is GNU 11.4.0
[0.570s] -- The CXX compiler identification is GNU 11.4.0
[0.604s] -- Detecting C compiler ABI info
[0.952s] -- Detecting C compiler ABI info - done
[0.977s] -- Check for working C compiler: /usr/bin/cc - skipped
[0.978s] -- Detecting C compile features
[0.979s] -- Detecting C compile features - done
[0.990s] -- Detecting CXX compiler ABI info
[1.331s] -- Detecting CXX compiler ABI info - done
[1.351s] -- Check for working CXX compiler: /usr/bin/c++ - skipped
[1.352s] -- Detecting CXX compile features
[1.353s] -- Detecting CXX compile features - done
[1.410s] -- Found ament_cmake: 1.3.9 (/home/orinnano/ros2_humble/install/ament_cmake/share/ament_cmake/cmake)
[2.754s] -- Found Python3: /usr/bin/python3 (found version "3.10.12") found components: Interpreter 
[3.786s] -- Found rclcpp: 16.0.9 (/home/orinnano/ros2_humble/install/rclcpp/share/rclcpp/cmake)
[4.207s] -- Found rosidl_generator_c: 3.1.5 (/home/orinnano/ros2_humble/install/rosidl_generator_c/share/rosidl_generator_c/cmake)
[4.274s] -- Found rosidl_adapter: 3.1.5 (/home/orinnano/ros2_humble/install/rosidl_adapter/share/rosidl_adapter/cmake)
[4.342s] -- Found rosidl_generator_cpp: 3.1.5 (/home/orinnano/ros2_humble/install/rosidl_generator_cpp/share/rosidl_generator_cpp/cmake)
[4.473s] -- Using all available rosidl_typesupport_c: rosidl_typesupport_fastrtps_c;rosidl_typesupport_introspection_c
[4.643s] -- Using all available rosidl_typesupport_cpp: rosidl_typesupport_fastrtps_cpp;rosidl_typesupport_introspection_cpp
[5.082s] -- Found rmw_implementation_cmake: 6.1.2 (/home/orinnano/ros2_humble/install/rmw_implementation_cmake/share/rmw_implementation_cmake/cmake)
[5.155s] -- Found rmw_fastrtps_cpp: 6.2.6 (/home/orinnano/ros2_humble/install/rmw_fastrtps_cpp/share/rmw_fastrtps_cpp/cmake)
[5.821s] -- Found OpenSSL: /usr/lib/aarch64-linux-gnu/libcrypto.so (found version "3.0.2")  
[5.980s] -- Found FastRTPS: /home/orinnano/ros2_humble/install/fastrtps/include  
[6.271s] -- Using RMW implementation 'rmw_fastrtps_cpp' as default
[6.387s] -- Looking for pthread.h
[6.686s] -- Looking for pthread.h - found
[6.686s] -- Performing Test CMAKE_HAVE_LIBC_PTHREAD
[7.013s] -- Performing Test CMAKE_HAVE_LIBC_PTHREAD - Success
[7.016s] -- Found Threads: TRUE  
[7.492s] -- Found mavros_msgs: 2.8.0 (/home/orinnano/SDK_ros2_ws/install/mavros_msgs/share/mavros_msgs/cmake)
[8.479s] -- Found nav_msgs: 4.2.4 (/home/orinnano/ros2_humble/install/nav_msgs/share/nav_msgs/cmake)
[8.664s] -- Found tf2: 0.25.7 (/home/orinnano/ros2_humble/install/tf2/share/tf2/cmake)
[8.755s] -- Found tf2_ros: 0.25.7 (/home/orinnano/ros2_humble/install/tf2_ros/share/tf2_ros/cmake)
[9.524s] -- Found rosidl_default_generators: 1.2.0 (/home/orinnano/ros2_humble/install/rosidl_default_generators/share/rosidl_default_generators/cmake)
[11.594s] -- Found ament_cmake_ros: 0.10.0 (/home/orinnano/ros2_humble/install/ament_cmake_ros/share/ament_cmake_ros/cmake)
[14.328s] -- Using all available rosidl_typesupport_c: rosidl_typesupport_fastrtps_c;rosidl_typesupport_introspection_c
[15.384s] -- Using all available rosidl_typesupport_cpp: rosidl_typesupport_fastrtps_cpp;rosidl_typesupport_introspection_cpp
[15.578s] -- Found PythonInterp: /usr/bin/python3 (found suitable version "3.10.12", minimum required is "3.6") 
[15.614s] -- Found python_cmake_module: 0.10.0 (/home/orinnano/ros2_humble/install/python_cmake_module/share/python_cmake_module/cmake)
[15.862s] -- Found PythonLibs: /usr/lib/aarch64-linux-gnu/libpython3.10.so (found suitable version "3.10.12", minimum required is "3.5") 
[15.863s] -- Using PYTHON_EXECUTABLE: /usr/bin/python3
[15.863s] -- Using PYTHON_INCLUDE_DIRS: /usr/include/python3.10
[15.863s] -- Using PYTHON_LIBRARIES: /usr/lib/aarch64-linux-gnu/libpython3.10.so
[16.040s] -- Found PythonExtra: .so  
[17.285s] -- Found ament_lint_auto: 0.12.11 (/home/orinnano/ros2_humble/install/ament_lint_auto/share/ament_lint_auto/cmake)
[17.959s] -- Added test 'cppcheck' to perform static code analysis on C / C++ code
[17.963s] -- Configured cppcheck include dirs: /home/orinnano/SDK_ros2_ws/src/offboard_ros2/include;/home/orinnano/SDK_ros2_ws/src/offboard_ros2/build/offboard_ros2;$<BUILD_INTERFACE:/home/orinnano/SDK_ros2_ws/src/offboard_ros2/build/offboard_ros2/rosidl_generator_c>;$<BUILD_INTERFACE:/home/orinnano/SDK_ros2_ws/src/offboard_ros2/build/offboard_ros2/rosidl_typesupport_fastrtps_c>;$<BUILD_INTERFACE:/home/orinnano/SDK_ros2_ws/src/offboard_ros2/build/offboard_ros2/rosidl_generator_cpp>;$<BUILD_INTERFACE:/home/orinnano/SDK_ros2_ws/src/offboard_ros2/build/offboard_ros2/rosidl_typesupport_fastrtps_cpp>;$<BUILD_INTERFACE:/home/orinnano/SDK_ros2_ws/src/offboard_ros2/build/offboard_ros2/rosidl_typesupport_introspection_c>;$<BUILD_INTERFACE:/home/orinnano/SDK_ros2_ws/src/offboard_ros2/build/offboard_ros2/rosidl_typesupport_introspection_cpp>;/home/orinnano/SDK_ros2_ws/src/offboard_ros2/build/offboard_ros2/rosidl_generator_c;/home/orinnano/SDK_ros2_ws/src/offboard_ros2/build/offboard_ros2/rosidl_generator_py
[17.963s] -- Configured cppcheck exclude dirs and/or files: 
[17.975s] -- Added test 'flake8' to check Python code syntax and style conventions
[17.990s] -- Added test 'lint_cmake' to check CMake code style
[18.001s] -- Added test 'pep257' to check Python code against some of the docstring style conventions in PEP 257
[18.024s] -- Added test 'uncrustify' to check C / C++ code style
[18.025s] -- Configured uncrustify additional arguments: 
[18.036s] -- Added test 'xmllint' to check XML markup files
[18.062s] -- Configuring done
[18.264s] -- Generating done
[18.272s] -- Build files have been written to: /home/orinnano/SDK_ros2_ws/src/offboard_ros2/build/offboard_ros2
[18.315s] Invoked command in '/home/orinnano/SDK_ros2_ws/src/offboard_ros2/build/offboard_ros2' returned '0': CMAKE_PREFIX_PATH=${CMAKE_PREFIX_PATH}:/opt/ros/humble:/home/orinnano/ros2_humble/install/rqt_bag_plugins:/home/orinnano/ros2_humble/install/rqt_bag:/home/orinnano/ros2_humble/install/ros2bag:/home/orinnano/ros2_humble/install/tracetools_test:/home/orinnano/ros2_humble/install/tracetools_launch:/home/orinnano/ros2_humble/install/topic_monitor:/home/orinnano/ros2_humble/install/tf2_tools:/home/orinnano/ros2_humble/install/examples_tf2_py:/home/orinnano/ros2_humble/install/tf2_ros_py:/home/orinnano/ros2_humble/install/sros2:/home/orinnano/ros2_humble/install/rqt_topic:/home/orinnano/ros2_humble/install/rqt_srv:/home/orinnano/ros2_humble/install/rqt_shell:/home/orinnano/ros2_humble/install/rqt_service_caller:/home/orinnano/ros2_humble/install/rqt_reconfigure:/home/orinnano/ros2_humble/install/rqt_py_console:/home/orinnano/ros2_humble/install/rqt_publisher:/home/orinnano/ros2_humble/install/rqt_plot:/home/orinnano/ros2_humble/install/rqt_action:/home/orinnano/ros2_humble/install/rqt_msg:/home/orinnano/ros2_humble/install/rqt_console:/home/orinnano/ros2_humble/install/rqt:/home/orinnano/ros2_humble/install/rqt_graph:/home/orinnano/ros2_humble/install/rqt_gui_py:/home/orinnano/ros2_humble/install/rqt_gui:/home/orinnano/ros2_humble/install/ros2trace:/home/orinnano/ros2_humble/install/ros2topic:/home/orinnano/ros2_humble/install/ros2test:/home/orinnano/ros2_humble/install/ros2component:/home/orinnano/ros2_humble/install/ros2param:/home/orinnano/ros2_humble/install/ros2lifecycle:/home/orinnano/ros2_humble/install/ros2service:/home/orinnano/ros2_humble/install/ros2run:/home/orinnano/ros2_humble/install/ros2launch:/home/orinnano/ros2_humble/install/ros2pkg:/home/orinnano/ros2_humble/install/ros2node:/home/orinnano/ros2_humble/install/ros2multicast:/home/orinnano/ros2_humble/install/ros2interface:/home/orinnano/ros2_humble/install/ros2doctor:/home/orinnano/ros2_humble/install/ros2action:/home/orinnano/ros2_humble/install/ros2cli:/home/orinnano/ros2_humble/install/quality_of_service_demo_py:/home/orinnano/ros2_humble/install/lifecycle_py:/home/orinnano/ros2_humble/install/launch_testing_ros:/home/orinnano/ros2_humble/install/launch_ros:/home/orinnano/ros2_humble/install/examples_rclpy_pointcloud_publisher:/home/orinnano/ros2_humble/install/examples_rclpy_minimal_subscriber:/home/orinnano/ros2_humble/install/examples_rclpy_minimal_service:/home/orinnano/ros2_humble/install/examples_rclpy_minimal_publisher:/home/orinnano/ros2_humble/install/examples_rclpy_minimal_client:/home/orinnano/ros2_humble/install/examples_rclpy_minimal_action_server:/home/orinnano/ros2_humble/install/examples_rclpy_minimal_action_client:/home/orinnano/ros2_humble/install/examples_rclpy_guard_conditions:/home/orinnano/ros2_humble/install/examples_rclpy_executors:/home/orinnano/ros2_humble/install/demo_nodes_py:/home/orinnano/ros2_humble/install/action_tutorials_py:/home/orinnano/ros2_humble/install/ament_uncrustify:/home/orinnano/ros2_humble/install/tracetools_trace:/home/orinnano/ros2_humble/install/tracetools_read:/home/orinnano/ros2_humble/install/test_tracetools_launch:/home/orinnano/ros2_humble/install/test_launch_ros:/home/orinnano/ros2_humble/install/sensor_msgs_py:/home/orinnano/ros2_humble/install/rpyutils:/home/orinnano/ros2_humble/install/rosidl_runtime_py:/home/orinnano/ros2_humble/install/rosidl_cli:/home/orinnano/ros2_humble/install/launch_pytest:/home/orinnano/ros2_humble/install/launch_testing:/home/orinnano/ros2_humble/install/launch_yaml:/home/orinnano/ros2_humble/install/launch_xml:/home/orinnano/ros2_humble/install/launch:/home/orinnano/ros2_humble/install/osrf_pycommon:/home/orinnano/ros2_humble/install/launch_testing_examples:/home/orinnano/ros2_humble/install/domain_coordinator:/home/orinnano/ros2_humble/install/ament_xmllint:/home/orinnano/ros2_humble/install/ament_pyflakes:/home/orinnano/ros2_humble/install/ament_pycodestyle:/home/orinnano/ros2_humble/install/ament_pep257:/home/orinnano/ros2_humble/install/ament_pclint:/home/orinnano/ros2_humble/install/ament_package:/home/orinnano/ros2_humble/install/ament_mypy:/home/orinnano/ros2_humble/install/ament_lint_cmake:/home/orinnano/ros2_humble/install/ament_flake8:/home/orinnano/ros2_humble/install/ament_copyright:/home/orinnano/ros2_humble/install/ament_lint:/home/orinnano/ros2_humble/install/ament_index_python:/home/orinnano/ros2_humble/install/ament_cpplint:/home/orinnano/ros2_humble/install/ament_cppcheck:/home/orinnano/ros2_humble/install/ament_clang_tidy:/home/orinnano/ros2_humble/install/ament_clang_format CONDA_PROMPT_MODIFIER=(base) /usr/bin/cmake /home/orinnano/SDK_ros2_ws/src/offboard_ros2 -DCMAKE_INSTALL_PREFIX=/home/orinnano/SDK_ros2_ws/src/offboard_ros2/install/offboard_ros2
[18.321s] Invoking command in '/home/orinnano/SDK_ros2_ws/src/offboard_ros2/build/offboard_ros2': CMAKE_PREFIX_PATH=${CMAKE_PREFIX_PATH}:/opt/ros/humble:/home/orinnano/ros2_humble/install/rqt_bag_plugins:/home/orinnano/ros2_humble/install/rqt_bag:/home/orinnano/ros2_humble/install/ros2bag:/home/orinnano/ros2_humble/install/tracetools_test:/home/orinnano/ros2_humble/install/tracetools_launch:/home/orinnano/ros2_humble/install/topic_monitor:/home/orinnano/ros2_humble/install/tf2_tools:/home/orinnano/ros2_humble/install/examples_tf2_py:/home/orinnano/ros2_humble/install/tf2_ros_py:/home/orinnano/ros2_humble/install/sros2:/home/orinnano/ros2_humble/install/rqt_topic:/home/orinnano/ros2_humble/install/rqt_srv:/home/orinnano/ros2_humble/install/rqt_shell:/home/orinnano/ros2_humble/install/rqt_service_caller:/home/orinnano/ros2_humble/install/rqt_reconfigure:/home/orinnano/ros2_humble/install/rqt_py_console:/home/orinnano/ros2_humble/install/rqt_publisher:/home/orinnano/ros2_humble/install/rqt_plot:/home/orinnano/ros2_humble/install/rqt_action:/home/orinnano/ros2_humble/install/rqt_msg:/home/orinnano/ros2_humble/install/rqt_console:/home/orinnano/ros2_humble/install/rqt:/home/orinnano/ros2_humble/install/rqt_graph:/home/orinnano/ros2_humble/install/rqt_gui_py:/home/orinnano/ros2_humble/install/rqt_gui:/home/orinnano/ros2_humble/install/ros2trace:/home/orinnano/ros2_humble/install/ros2topic:/home/orinnano/ros2_humble/install/ros2test:/home/orinnano/ros2_humble/install/ros2component:/home/orinnano/ros2_humble/install/ros2param:/home/orinnano/ros2_humble/install/ros2lifecycle:/home/orinnano/ros2_humble/install/ros2service:/home/orinnano/ros2_humble/install/ros2run:/home/orinnano/ros2_humble/install/ros2launch:/home/orinnano/ros2_humble/install/ros2pkg:/home/orinnano/ros2_humble/install/ros2node:/home/orinnano/ros2_humble/install/ros2multicast:/home/orinnano/ros2_humble/install/ros2interface:/home/orinnano/ros2_humble/install/ros2doctor:/home/orinnano/ros2_humble/install/ros2action:/home/orinnano/ros2_humble/install/ros2cli:/home/orinnano/ros2_humble/install/quality_of_service_demo_py:/home/orinnano/ros2_humble/install/lifecycle_py:/home/orinnano/ros2_humble/install/launch_testing_ros:/home/orinnano/ros2_humble/install/launch_ros:/home/orinnano/ros2_humble/install/examples_rclpy_pointcloud_publisher:/home/orinnano/ros2_humble/install/examples_rclpy_minimal_subscriber:/home/orinnano/ros2_humble/install/examples_rclpy_minimal_service:/home/orinnano/ros2_humble/install/examples_rclpy_minimal_publisher:/home/orinnano/ros2_humble/install/examples_rclpy_minimal_client:/home/orinnano/ros2_humble/install/examples_rclpy_minimal_action_server:/home/orinnano/ros2_humble/install/examples_rclpy_minimal_action_client:/home/orinnano/ros2_humble/install/examples_rclpy_guard_conditions:/home/orinnano/ros2_humble/install/examples_rclpy_executors:/home/orinnano/ros2_humble/install/demo_nodes_py:/home/orinnano/ros2_humble/install/action_tutorials_py:/home/orinnano/ros2_humble/install/ament_uncrustify:/home/orinnano/ros2_humble/install/tracetools_trace:/home/orinnano/ros2_humble/install/tracetools_read:/home/orinnano/ros2_humble/install/test_tracetools_launch:/home/orinnano/ros2_humble/install/test_launch_ros:/home/orinnano/ros2_humble/install/sensor_msgs_py:/home/orinnano/ros2_humble/install/rpyutils:/home/orinnano/ros2_humble/install/rosidl_runtime_py:/home/orinnano/ros2_humble/install/rosidl_cli:/home/orinnano/ros2_humble/install/launch_pytest:/home/orinnano/ros2_humble/install/launch_testing:/home/orinnano/ros2_humble/install/launch_yaml:/home/orinnano/ros2_humble/install/launch_xml:/home/orinnano/ros2_humble/install/launch:/home/orinnano/ros2_humble/install/osrf_pycommon:/home/orinnano/ros2_humble/install/launch_testing_examples:/home/orinnano/ros2_humble/install/domain_coordinator:/home/orinnano/ros2_humble/install/ament_xmllint:/home/orinnano/ros2_humble/install/ament_pyflakes:/home/orinnano/ros2_humble/install/ament_pycodestyle:/home/orinnano/ros2_humble/install/ament_pep257:/home/orinnano/ros2_humble/install/ament_pclint:/home/orinnano/ros2_humble/install/ament_package:/home/orinnano/ros2_humble/install/ament_mypy:/home/orinnano/ros2_humble/install/ament_lint_cmake:/home/orinnano/ros2_humble/install/ament_flake8:/home/orinnano/ros2_humble/install/ament_copyright:/home/orinnano/ros2_humble/install/ament_lint:/home/orinnano/ros2_humble/install/ament_index_python:/home/orinnano/ros2_humble/install/ament_cpplint:/home/orinnano/ros2_humble/install/ament_cppcheck:/home/orinnano/ros2_humble/install/ament_clang_tidy:/home/orinnano/ros2_humble/install/ament_clang_format CONDA_PROMPT_MODIFIER=(base) /usr/bin/cmake --build /home/orinnano/SDK_ros2_ws/src/offboard_ros2/build/offboard_ros2 -- -j6 -l6
[18.564s] [  2%] [34m[1mGenerating C code for ROS interfaces[0m
[18.613s] [  8%] [32mBuilding CXX object CMakeFiles/offboard_ctrl_ros2.dir/src/offboard_ctrl_ros2.cpp.o[0m
[18.613s] [  8%] [32mBuilding CXX object CMakeFiles/gazebo_ctrl_ros2.dir/src/gazebo_ctrl_ros2.cpp.o[0m
[18.619s] [ 10%] [32mBuilding CXX object CMakeFiles/stair_ctrl_ros2.dir/src/stair_ctrl_ros2.cpp.o[0m
[18.640s] [ 13%] [34m[1mGenerating C++ code for ROS interfaces[0m
[18.662s] [ 13%] Built target ament_cmake_python_copy_offboard_ros2
[19.359s] In file included from [01m[K/home/orinnano/SDK_ros2_ws/src/offboard_ros2/src/stair_ctrl_ros2.cpp:1[m[K:
[19.360s] [01m[K/home/orinnano/SDK_ros2_ws/src/offboard_ros2/include/offboard_ros2/stair_ctrl_ros2.h:8:10:[m[K [01;31m[Kfatal error: [m[Koffboard_ros2/combined_data.hpp: No such file or directory
[19.360s]     8 | #include [01;31m[K<offboard_ros2/combined_data.hpp>[m[K
[19.360s]       |          [01;31m[K^~~~~~~~~~~~~~~~~~~~~~~~~~~~~~~~~[m[K
[19.360s] compilation terminated.
[19.365s] gmake[2]: *** [CMakeFiles/stair_ctrl_ros2.dir/build.make:76: CMakeFiles/stair_ctrl_ros2.dir/src/stair_ctrl_ros2.cpp.o] Error 1
[19.366s] gmake[1]: *** [CMakeFiles/Makefile2:648: CMakeFiles/stair_ctrl_ros2.dir/all] Error 2
[19.366s] gmake[1]: *** Waiting for unfinished jobs....
[19.680s] [ 13%] Built target offboard_ros2__cpp
[19.730s] [ 16%] [32mBuilding C object CMakeFiles/offboard_ros2__rosidl_generator_c.dir/rosidl_generator_c/offboard_ros2/msg/detail/combined_data__functions.c.o[0m
[19.901s] running egg_info
[19.902s] creating offboard_ros2.egg-info
[19.903s] writing offboard_ros2.egg-info/PKG-INFO
[19.903s] writing dependency_links to offboard_ros2.egg-info/dependency_links.txt
[19.904s] writing top-level names to offboard_ros2.egg-info/top_level.txt
[19.905s] writing manifest file 'offboard_ros2.egg-info/SOURCES.txt'
[19.905s] [ 18%] [32m[1mLinking C shared library liboffboard_ros2__rosidl_generator_c.so[0m
[19.910s] reading manifest file 'offboard_ros2.egg-info/SOURCES.txt'
[19.911s] writing manifest file 'offboard_ros2.egg-info/SOURCES.txt'
[20.027s] [ 18%] Built target ament_cmake_python_build_offboard_ros2_egg
[20.055s] [ 18%] Built target offboard_ros2__rosidl_generator_c
[49.246s] [ 21%] [32m[1mLinking CXX executable offboard_ctrl_ros2[0m
[49.654s] [ 24%] [32m[1mLinking CXX executable gazebo_ctrl_ros2[0m
[52.372s] [ 24%] Built target offboard_ctrl_ros2
[52.781s] [ 24%] Built target gazebo_ctrl_ros2
[52.784s] gmake: *** [Makefile:146: all] Error 2
[52.790s] Invoked command in '/home/orinnano/SDK_ros2_ws/src/offboard_ros2/build/offboard_ros2' returned '2': CMAKE_PREFIX_PATH=${CMAKE_PREFIX_PATH}:/opt/ros/humble:/home/orinnano/ros2_humble/install/rqt_bag_plugins:/home/orinnano/ros2_humble/install/rqt_bag:/home/orinnano/ros2_humble/install/ros2bag:/home/orinnano/ros2_humble/install/tracetools_test:/home/orinnano/ros2_humble/install/tracetools_launch:/home/orinnano/ros2_humble/install/topic_monitor:/home/orinnano/ros2_humble/install/tf2_tools:/home/orinnano/ros2_humble/install/examples_tf2_py:/home/orinnano/ros2_humble/install/tf2_ros_py:/home/orinnano/ros2_humble/install/sros2:/home/orinnano/ros2_humble/install/rqt_topic:/home/orinnano/ros2_humble/install/rqt_srv:/home/orinnano/ros2_humble/install/rqt_shell:/home/orinnano/ros2_humble/install/rqt_service_caller:/home/orinnano/ros2_humble/install/rqt_reconfigure:/home/orinnano/ros2_humble/install/rqt_py_console:/home/orinnano/ros2_humble/install/rqt_publisher:/home/orinnano/ros2_humble/install/rqt_plot:/home/orinnano/ros2_humble/install/rqt_action:/home/orinnano/ros2_humble/install/rqt_msg:/home/orinnano/ros2_humble/install/rqt_console:/home/orinnano/ros2_humble/install/rqt:/home/orinnano/ros2_humble/install/rqt_graph:/home/orinnano/ros2_humble/install/rqt_gui_py:/home/orinnano/ros2_humble/install/rqt_gui:/home/orinnano/ros2_humble/install/ros2trace:/home/orinnano/ros2_humble/install/ros2topic:/home/orinnano/ros2_humble/install/ros2test:/home/orinnano/ros2_humble/install/ros2component:/home/orinnano/ros2_humble/install/ros2param:/home/orinnano/ros2_humble/install/ros2lifecycle:/home/orinnano/ros2_humble/install/ros2service:/home/orinnano/ros2_humble/install/ros2run:/home/orinnano/ros2_humble/install/ros2launch:/home/orinnano/ros2_humble/install/ros2pkg:/home/orinnano/ros2_humble/install/ros2node:/home/orinnano/ros2_humble/install/ros2multicast:/home/orinnano/ros2_humble/install/ros2interface:/home/orinnano/ros2_humble/install/ros2doctor:/home/orinnano/ros2_humble/install/ros2action:/home/orinnano/ros2_humble/install/ros2cli:/home/orinnano/ros2_humble/install/quality_of_service_demo_py:/home/orinnano/ros2_humble/install/lifecycle_py:/home/orinnano/ros2_humble/install/launch_testing_ros:/home/orinnano/ros2_humble/install/launch_ros:/home/orinnano/ros2_humble/install/examples_rclpy_pointcloud_publisher:/home/orinnano/ros2_humble/install/examples_rclpy_minimal_subscriber:/home/orinnano/ros2_humble/install/examples_rclpy_minimal_service:/home/orinnano/ros2_humble/install/examples_rclpy_minimal_publisher:/home/orinnano/ros2_humble/install/examples_rclpy_minimal_client:/home/orinnano/ros2_humble/install/examples_rclpy_minimal_action_server:/home/orinnano/ros2_humble/install/examples_rclpy_minimal_action_client:/home/orinnano/ros2_humble/install/examples_rclpy_guard_conditions:/home/orinnano/ros2_humble/install/examples_rclpy_executors:/home/orinnano/ros2_humble/install/demo_nodes_py:/home/orinnano/ros2_humble/install/action_tutorials_py:/home/orinnano/ros2_humble/install/ament_uncrustify:/home/orinnano/ros2_humble/install/tracetools_trace:/home/orinnano/ros2_humble/install/tracetools_read:/home/orinnano/ros2_humble/install/test_tracetools_launch:/home/orinnano/ros2_humble/install/test_launch_ros:/home/orinnano/ros2_humble/install/sensor_msgs_py:/home/orinnano/ros2_humble/install/rpyutils:/home/orinnano/ros2_humble/install/rosidl_runtime_py:/home/orinnano/ros2_humble/install/rosidl_cli:/home/orinnano/ros2_humble/install/launch_pytest:/home/orinnano/ros2_humble/install/launch_testing:/home/orinnano/ros2_humble/install/launch_yaml:/home/orinnano/ros2_humble/install/launch_xml:/home/orinnano/ros2_humble/install/launch:/home/orinnano/ros2_humble/install/osrf_pycommon:/home/orinnano/ros2_humble/install/launch_testing_examples:/home/orinnano/ros2_humble/install/domain_coordinator:/home/orinnano/ros2_humble/install/ament_xmllint:/home/orinnano/ros2_humble/install/ament_pyflakes:/home/orinnano/ros2_humble/install/ament_pycodestyle:/home/orinnano/ros2_humble/install/ament_pep257:/home/orinnano/ros2_humble/install/ament_pclint:/home/orinnano/ros2_humble/install/ament_package:/home/orinnano/ros2_humble/install/ament_mypy:/home/orinnano/ros2_humble/install/ament_lint_cmake:/home/orinnano/ros2_humble/install/ament_flake8:/home/orinnano/ros2_humble/install/ament_copyright:/home/orinnano/ros2_humble/install/ament_lint:/home/orinnano/ros2_humble/install/ament_index_python:/home/orinnano/ros2_humble/install/ament_cpplint:/home/orinnano/ros2_humble/install/ament_cppcheck:/home/orinnano/ros2_humble/install/ament_clang_tidy:/home/orinnano/ros2_humble/install/ament_clang_format CONDA_PROMPT_MODIFIER=(base) /usr/bin/cmake --build /home/orinnano/SDK_ros2_ws/src/offboard_ros2/build/offboard_ros2 -- -j6 -l6
