[0.503s] DEBUG:colcon:Command line arguments: ['/usr/bin/colcon', 'build']
[0.503s] DEBUG:colcon:Parsed command line arguments: Namespace(log_base=None, log_level=None, verb_name='build', build_base='build', install_base='install', merge_install=False, symlink_install=False, test_result_base=None, continue_on_error=False, executor='parallel', parallel_workers=6, event_handlers=None, ignore_user_meta=False, metas=['./colcon.meta'], base_paths=['.'], packages_ignore=None, packages_ignore_regex=None, paths=None, packages_up_to=None, packages_up_to_regex=None, packages_above=None, packages_above_and_dependencies=None, packages_above_depth=None, packages_select_by_dep=None, packages_skip_by_dep=None, packages_skip_up_to=None, packages_select_build_failed=False, packages_skip_build_finished=False, packages_select_test_failures=False, packages_skip_test_passed=False, packages_select=None, packages_skip=None, packages_select_regex=None, packages_skip_regex=None, packages_start=None, packages_end=None, allow_overriding=[], cmake_args=None, cmake_target=None, cmake_target_skip_unavailable=False, cmake_clean_cache=False, cmake_clean_first=False, cmake_force_configure=False, ament_cmake_args=None, catkin_cmake_args=None, catkin_skip_building_tests=False, mixin_files=None, mixin=None, verb_parser=<colcon_mixin.mixin.mixin_argument.MixinArgumentDecorator object at 0xffff7f8bd810>, verb_extension=<colcon_core.verb.build.BuildVerb object at 0xffff7fa81f00>, main=<bound method BuildVerb.main of <colcon_core.verb.build.BuildVerb object at 0xffff7fa81f00>>, mixin_verb=('build',))
[1.099s] Level 1:colcon.colcon_core.package_discovery:discover_packages(colcon_meta) check parameters
[1.099s] Level 1:colcon.colcon_core.package_discovery:discover_packages(recursive) check parameters
[1.100s] Level 1:colcon.colcon_core.package_discovery:discover_packages(ignore) check parameters
[1.100s] Level 1:colcon.colcon_core.package_discovery:discover_packages(path) check parameters
[1.100s] Level 1:colcon.colcon_core.package_discovery:discover_packages(colcon_meta) discover
[1.100s] Level 1:colcon.colcon_core.package_discovery:discover_packages(recursive) discover
[1.100s] INFO:colcon.colcon_core.package_discovery:Crawling recursively for packages in '/home/orinnano/SDK_ros2_ws/src/offboard_ros2'
[1.100s] Level 1:colcon.colcon_core.package_identification:_identify(.) by extensions ['ignore', 'ignore_ament_install']
[1.100s] Level 1:colcon.colcon_core.package_identification:_identify(.) by extension 'ignore'
[1.101s] Level 1:colcon.colcon_core.package_identification:_identify(.) by extension 'ignore_ament_install'
[1.101s] Level 1:colcon.colcon_core.package_identification:_identify(.) by extensions ['colcon_pkg']
[1.101s] Level 1:colcon.colcon_core.package_identification:_identify(.) by extension 'colcon_pkg'
[1.101s] Level 1:colcon.colcon_core.package_identification:_identify(.) by extensions ['colcon_meta']
[1.101s] Level 1:colcon.colcon_core.package_identification:_identify(.) by extension 'colcon_meta'
[1.101s] Level 1:colcon.colcon_core.package_identification:_identify(.) by extensions ['ros']
[1.101s] Level 1:colcon.colcon_core.package_identification:_identify(.) by extension 'ros'
[1.137s] DEBUG:colcon.colcon_core.package_identification:Package '.' with type 'ros.ament_cmake' and name 'offboard_ros2'
[1.137s] Level 1:colcon.colcon_core.package_discovery:discover_packages(recursive) using defaults
[1.137s] Level 1:colcon.colcon_core.package_discovery:discover_packages(ignore) discover
[1.137s] Level 1:colcon.colcon_core.package_discovery:discover_packages(ignore) using defaults
[1.137s] Level 1:colcon.colcon_core.package_discovery:discover_packages(path) discover
[1.137s] Level 1:colcon.colcon_core.package_discovery:discover_packages(path) using defaults
[1.237s] Level 1:colcon.colcon_core.package_discovery:discover_packages(prefix_path) check parameters
[1.237s] Level 1:colcon.colcon_core.package_discovery:discover_packages(prefix_path) discover
[1.268s] DEBUG:colcon.colcon_installed_package_information.package_discovery:Found 8 installed packages in /home/orinnano/SDK_ros2_ws/install
[1.289s] DEBUG:colcon.colcon_installed_package_information.package_discovery:Found 345 installed packages in /home/orinnano/ros2_humble/install
[1.295s] DEBUG:colcon.colcon_installed_package_information.package_discovery:Found 179 installed packages in /opt/ros/humble
[1.308s] Level 1:colcon.colcon_core.package_discovery:discover_packages(prefix_path) using defaults
[1.413s] Level 5:colcon.colcon_core.verb:set package 'offboard_ros2' build argument 'cmake_args' from command line to 'None'
[1.413s] Level 5:colcon.colcon_core.verb:set package 'offboard_ros2' build argument 'cmake_target' from command line to 'None'
[1.413s] Level 5:colcon.colcon_core.verb:set package 'offboard_ros2' build argument 'cmake_target_skip_unavailable' from command line to 'False'
[1.413s] Level 5:colcon.colcon_core.verb:set package 'offboard_ros2' build argument 'cmake_clean_cache' from command line to 'False'
[1.413s] Level 5:colcon.colcon_core.verb:set package 'offboard_ros2' build argument 'cmake_clean_first' from command line to 'False'
[1.413s] Level 5:colcon.colcon_core.verb:set package 'offboard_ros2' build argument 'cmake_force_configure' from command line to 'False'
[1.413s] Level 5:colcon.colcon_core.verb:set package 'offboard_ros2' build argument 'ament_cmake_args' from command line to 'None'
[1.413s] Level 5:colcon.colcon_core.verb:set package 'offboard_ros2' build argument 'catkin_cmake_args' from command line to 'None'
[1.413s] Level 5:colcon.colcon_core.verb:set package 'offboard_ros2' build argument 'catkin_skip_building_tests' from command line to 'False'
[1.414s] DEBUG:colcon.colcon_core.verb:Building package 'offboard_ros2' with the following arguments: {'ament_cmake_args': None, 'build_base': '/home/orinnano/SDK_ros2_ws/src/offboard_ros2/build/offboard_ros2', 'catkin_cmake_args': None, 'catkin_skip_building_tests': False, 'cmake_args': None, 'cmake_clean_cache': False, 'cmake_clean_first': False, 'cmake_force_configure': False, 'cmake_target': None, 'cmake_target_skip_unavailable': False, 'install_base': '/home/orinnano/SDK_ros2_ws/src/offboard_ros2/install/offboard_ros2', 'merge_install': False, 'path': '/home/orinnano/SDK_ros2_ws/src/offboard_ros2', 'symlink_install': False, 'test_result_base': None}
[1.414s] INFO:colcon.colcon_core.executor:Executing jobs using 'parallel' executor
[1.416s] DEBUG:colcon.colcon_parallel_executor.executor.parallel:run_until_complete
[1.417s] INFO:colcon.colcon_ros.task.ament_cmake.build:Building ROS package in '/home/orinnano/SDK_ros2_ws/src/offboard_ros2' with build type 'ament_cmake'
[1.417s] INFO:colcon.colcon_cmake.task.cmake.build:Building CMake package in '/home/orinnano/SDK_ros2_ws/src/offboard_ros2'
[1.430s] INFO:colcon.colcon_core.plugin_system:Skipping extension 'colcon_core.shell.bat': Not used on non-Windows systems
[1.431s] INFO:colcon.colcon_core.shell:Skip shell extension 'powershell' for command environment: Not usable outside of PowerShell
[1.431s] DEBUG:colcon.colcon_core.shell:Skip shell extension 'dsv' for command environment
[1.506s] DEBUG:colcon.colcon_core.event_handler.log_command:Invoking command in '/home/orinnano/SDK_ros2_ws/src/offboard_ros2/build/offboard_ros2': CMAKE_PREFIX_PATH=${CMAKE_PREFIX_PATH}:/opt/ros/humble:/home/orinnano/ros2_humble/install/rqt_bag_plugins:/home/orinnano/ros2_humble/install/rqt_bag:/home/orinnano/ros2_humble/install/ros2bag:/home/orinnano/ros2_humble/install/tracetools_test:/home/orinnano/ros2_humble/install/tracetools_launch:/home/orinnano/ros2_humble/install/topic_monitor:/home/orinnano/ros2_humble/install/tf2_tools:/home/orinnano/ros2_humble/install/examples_tf2_py:/home/orinnano/ros2_humble/install/tf2_ros_py:/home/orinnano/ros2_humble/install/sros2:/home/orinnano/ros2_humble/install/rqt_topic:/home/orinnano/ros2_humble/install/rqt_srv:/home/orinnano/ros2_humble/install/rqt_shell:/home/orinnano/ros2_humble/install/rqt_service_caller:/home/orinnano/ros2_humble/install/rqt_reconfigure:/home/orinnano/ros2_humble/install/rqt_py_console:/home/orinnano/ros2_humble/install/rqt_publisher:/home/orinnano/ros2_humble/install/rqt_plot:/home/orinnano/ros2_humble/install/rqt_action:/home/orinnano/ros2_humble/install/rqt_msg:/home/orinnano/ros2_humble/install/rqt_console:/home/orinnano/ros2_humble/install/rqt:/home/orinnano/ros2_humble/install/rqt_graph:/home/orinnano/ros2_humble/install/rqt_gui_py:/home/orinnano/ros2_humble/install/rqt_gui:/home/orinnano/ros2_humble/install/ros2trace:/home/orinnano/ros2_humble/install/ros2topic:/home/orinnano/ros2_humble/install/ros2test:/home/orinnano/ros2_humble/install/ros2component:/home/orinnano/ros2_humble/install/ros2param:/home/orinnano/ros2_humble/install/ros2lifecycle:/home/orinnano/ros2_humble/install/ros2service:/home/orinnano/ros2_humble/install/ros2run:/home/orinnano/ros2_humble/install/ros2launch:/home/orinnano/ros2_humble/install/ros2pkg:/home/orinnano/ros2_humble/install/ros2node:/home/orinnano/ros2_humble/install/ros2multicast:/home/orinnano/ros2_humble/install/ros2interface:/home/orinnano/ros2_humble/install/ros2doctor:/home/orinnano/ros2_humble/install/ros2action:/home/orinnano/ros2_humble/install/ros2cli:/home/orinnano/ros2_humble/install/quality_of_service_demo_py:/home/orinnano/ros2_humble/install/lifecycle_py:/home/orinnano/ros2_humble/install/launch_testing_ros:/home/orinnano/ros2_humble/install/launch_ros:/home/orinnano/ros2_humble/install/examples_rclpy_pointcloud_publisher:/home/orinnano/ros2_humble/install/examples_rclpy_minimal_subscriber:/home/orinnano/ros2_humble/install/examples_rclpy_minimal_service:/home/orinnano/ros2_humble/install/examples_rclpy_minimal_publisher:/home/orinnano/ros2_humble/install/examples_rclpy_minimal_client:/home/orinnano/ros2_humble/install/examples_rclpy_minimal_action_server:/home/orinnano/ros2_humble/install/examples_rclpy_minimal_action_client:/home/orinnano/ros2_humble/install/examples_rclpy_guard_conditions:/home/orinnano/ros2_humble/install/examples_rclpy_executors:/home/orinnano/ros2_humble/install/demo_nodes_py:/home/orinnano/ros2_humble/install/action_tutorials_py:/home/orinnano/ros2_humble/install/ament_uncrustify:/home/orinnano/ros2_humble/install/tracetools_trace:/home/orinnano/ros2_humble/install/tracetools_read:/home/orinnano/ros2_humble/install/test_tracetools_launch:/home/orinnano/ros2_humble/install/test_launch_ros:/home/orinnano/ros2_humble/install/sensor_msgs_py:/home/orinnano/ros2_humble/install/rpyutils:/home/orinnano/ros2_humble/install/rosidl_runtime_py:/home/orinnano/ros2_humble/install/rosidl_cli:/home/orinnano/ros2_humble/install/launch_pytest:/home/orinnano/ros2_humble/install/launch_testing:/home/orinnano/ros2_humble/install/launch_yaml:/home/orinnano/ros2_humble/install/launch_xml:/home/orinnano/ros2_humble/install/launch:/home/orinnano/ros2_humble/install/osrf_pycommon:/home/orinnano/ros2_humble/install/launch_testing_examples:/home/orinnano/ros2_humble/install/domain_coordinator:/home/orinnano/ros2_humble/install/ament_xmllint:/home/orinnano/ros2_humble/install/ament_pyflakes:/home/orinnano/ros2_humble/install/ament_pycodestyle:/home/orinnano/ros2_humble/install/ament_pep257:/home/orinnano/ros2_humble/install/ament_pclint:/home/orinnano/ros2_humble/install/ament_package:/home/orinnano/ros2_humble/install/ament_mypy:/home/orinnano/ros2_humble/install/ament_lint_cmake:/home/orinnano/ros2_humble/install/ament_flake8:/home/orinnano/ros2_humble/install/ament_copyright:/home/orinnano/ros2_humble/install/ament_lint:/home/orinnano/ros2_humble/install/ament_index_python:/home/orinnano/ros2_humble/install/ament_cpplint:/home/orinnano/ros2_humble/install/ament_cppcheck:/home/orinnano/ros2_humble/install/ament_clang_tidy:/home/orinnano/ros2_humble/install/ament_clang_format CONDA_PROMPT_MODIFIER=(base) /usr/bin/cmake --build /home/orinnano/SDK_ros2_ws/src/offboard_ros2/build/offboard_ros2 -- -j6 -l6
[3.466s] DEBUG:colcon.colcon_core.event_handler.log_command:Invoked command in '/home/orinnano/SDK_ros2_ws/src/offboard_ros2/build/offboard_ros2' returned '2': CMAKE_PREFIX_PATH=${CMAKE_PREFIX_PATH}:/opt/ros/humble:/home/orinnano/ros2_humble/install/rqt_bag_plugins:/home/orinnano/ros2_humble/install/rqt_bag:/home/orinnano/ros2_humble/install/ros2bag:/home/orinnano/ros2_humble/install/tracetools_test:/home/orinnano/ros2_humble/install/tracetools_launch:/home/orinnano/ros2_humble/install/topic_monitor:/home/orinnano/ros2_humble/install/tf2_tools:/home/orinnano/ros2_humble/install/examples_tf2_py:/home/orinnano/ros2_humble/install/tf2_ros_py:/home/orinnano/ros2_humble/install/sros2:/home/orinnano/ros2_humble/install/rqt_topic:/home/orinnano/ros2_humble/install/rqt_srv:/home/orinnano/ros2_humble/install/rqt_shell:/home/orinnano/ros2_humble/install/rqt_service_caller:/home/orinnano/ros2_humble/install/rqt_reconfigure:/home/orinnano/ros2_humble/install/rqt_py_console:/home/orinnano/ros2_humble/install/rqt_publisher:/home/orinnano/ros2_humble/install/rqt_plot:/home/orinnano/ros2_humble/install/rqt_action:/home/orinnano/ros2_humble/install/rqt_msg:/home/orinnano/ros2_humble/install/rqt_console:/home/orinnano/ros2_humble/install/rqt:/home/orinnano/ros2_humble/install/rqt_graph:/home/orinnano/ros2_humble/install/rqt_gui_py:/home/orinnano/ros2_humble/install/rqt_gui:/home/orinnano/ros2_humble/install/ros2trace:/home/orinnano/ros2_humble/install/ros2topic:/home/orinnano/ros2_humble/install/ros2test:/home/orinnano/ros2_humble/install/ros2component:/home/orinnano/ros2_humble/install/ros2param:/home/orinnano/ros2_humble/install/ros2lifecycle:/home/orinnano/ros2_humble/install/ros2service:/home/orinnano/ros2_humble/install/ros2run:/home/orinnano/ros2_humble/install/ros2launch:/home/orinnano/ros2_humble/install/ros2pkg:/home/orinnano/ros2_humble/install/ros2node:/home/orinnano/ros2_humble/install/ros2multicast:/home/orinnano/ros2_humble/install/ros2interface:/home/orinnano/ros2_humble/install/ros2doctor:/home/orinnano/ros2_humble/install/ros2action:/home/orinnano/ros2_humble/install/ros2cli:/home/orinnano/ros2_humble/install/quality_of_service_demo_py:/home/orinnano/ros2_humble/install/lifecycle_py:/home/orinnano/ros2_humble/install/launch_testing_ros:/home/orinnano/ros2_humble/install/launch_ros:/home/orinnano/ros2_humble/install/examples_rclpy_pointcloud_publisher:/home/orinnano/ros2_humble/install/examples_rclpy_minimal_subscriber:/home/orinnano/ros2_humble/install/examples_rclpy_minimal_service:/home/orinnano/ros2_humble/install/examples_rclpy_minimal_publisher:/home/orinnano/ros2_humble/install/examples_rclpy_minimal_client:/home/orinnano/ros2_humble/install/examples_rclpy_minimal_action_server:/home/orinnano/ros2_humble/install/examples_rclpy_minimal_action_client:/home/orinnano/ros2_humble/install/examples_rclpy_guard_conditions:/home/orinnano/ros2_humble/install/examples_rclpy_executors:/home/orinnano/ros2_humble/install/demo_nodes_py:/home/orinnano/ros2_humble/install/action_tutorials_py:/home/orinnano/ros2_humble/install/ament_uncrustify:/home/orinnano/ros2_humble/install/tracetools_trace:/home/orinnano/ros2_humble/install/tracetools_read:/home/orinnano/ros2_humble/install/test_tracetools_launch:/home/orinnano/ros2_humble/install/test_launch_ros:/home/orinnano/ros2_humble/install/sensor_msgs_py:/home/orinnano/ros2_humble/install/rpyutils:/home/orinnano/ros2_humble/install/rosidl_runtime_py:/home/orinnano/ros2_humble/install/rosidl_cli:/home/orinnano/ros2_humble/install/launch_pytest:/home/orinnano/ros2_humble/install/launch_testing:/home/orinnano/ros2_humble/install/launch_yaml:/home/orinnano/ros2_humble/install/launch_xml:/home/orinnano/ros2_humble/install/launch:/home/orinnano/ros2_humble/install/osrf_pycommon:/home/orinnano/ros2_humble/install/launch_testing_examples:/home/orinnano/ros2_humble/install/domain_coordinator:/home/orinnano/ros2_humble/install/ament_xmllint:/home/orinnano/ros2_humble/install/ament_pyflakes:/home/orinnano/ros2_humble/install/ament_pycodestyle:/home/orinnano/ros2_humble/install/ament_pep257:/home/orinnano/ros2_humble/install/ament_pclint:/home/orinnano/ros2_humble/install/ament_package:/home/orinnano/ros2_humble/install/ament_mypy:/home/orinnano/ros2_humble/install/ament_lint_cmake:/home/orinnano/ros2_humble/install/ament_flake8:/home/orinnano/ros2_humble/install/ament_copyright:/home/orinnano/ros2_humble/install/ament_lint:/home/orinnano/ros2_humble/install/ament_index_python:/home/orinnano/ros2_humble/install/ament_cpplint:/home/orinnano/ros2_humble/install/ament_cppcheck:/home/orinnano/ros2_humble/install/ament_clang_tidy:/home/orinnano/ros2_humble/install/ament_clang_format CONDA_PROMPT_MODIFIER=(base) /usr/bin/cmake --build /home/orinnano/SDK_ros2_ws/src/offboard_ros2/build/offboard_ros2 -- -j6 -l6
[4.107s] Level 1:colcon.colcon_core.environment:create_environment_scripts_only(offboard_ros2)
[4.134s] Level 1:colcon.colcon_core.environment:checking '/home/orinnano/SDK_ros2_ws/src/offboard_ros2/install/offboard_ros2' for CMake module files
[4.136s] Level 1:colcon.colcon_core.environment:checking '/home/orinnano/SDK_ros2_ws/src/offboard_ros2/install/offboard_ros2' for CMake config files
[4.138s] Level 1:colcon.colcon_core.environment:checking '/home/orinnano/SDK_ros2_ws/src/offboard_ros2/install/offboard_ros2/bin'
[4.138s] Level 1:colcon.colcon_core.environment:checking '/home/orinnano/SDK_ros2_ws/src/offboard_ros2/install/offboard_ros2/lib/pkgconfig/offboard_ros2.pc'
[4.139s] Level 1:colcon.colcon_core.environment:checking '/home/orinnano/SDK_ros2_ws/src/offboard_ros2/install/offboard_ros2/lib/python3.10/site-packages'
[4.139s] Level 1:colcon.colcon_core.environment:checking '/home/orinnano/SDK_ros2_ws/src/offboard_ros2/install/offboard_ros2/bin'
[4.141s] INFO:colcon.colcon_core.shell:Creating package script '/home/orinnano/SDK_ros2_ws/src/offboard_ros2/install/offboard_ros2/share/offboard_ros2/package.ps1'
[4.144s] INFO:colcon.colcon_core.shell:Creating package descriptor '/home/orinnano/SDK_ros2_ws/src/offboard_ros2/install/offboard_ros2/share/offboard_ros2/package.dsv'
[4.146s] INFO:colcon.colcon_core.shell:Creating package script '/home/orinnano/SDK_ros2_ws/src/offboard_ros2/install/offboard_ros2/share/offboard_ros2/package.sh'
[4.148s] INFO:colcon.colcon_core.shell:Creating package script '/home/orinnano/SDK_ros2_ws/src/offboard_ros2/install/offboard_ros2/share/offboard_ros2/package.bash'
[4.151s] INFO:colcon.colcon_core.shell:Creating package script '/home/orinnano/SDK_ros2_ws/src/offboard_ros2/install/offboard_ros2/share/offboard_ros2/package.zsh'
[4.154s] Level 1:colcon.colcon_core.environment:create_file_with_runtime_dependencies(/home/orinnano/SDK_ros2_ws/src/offboard_ros2/install/offboard_ros2/share/colcon-core/packages/offboard_ros2)
[4.165s] DEBUG:colcon.colcon_parallel_executor.executor.parallel:closing loop
[4.166s] DEBUG:colcon.colcon_parallel_executor.executor.parallel:loop closed
[4.166s] DEBUG:colcon.colcon_parallel_executor.executor.parallel:run_until_complete finished with '2'
[4.166s] DEBUG:colcon.colcon_core.event_reactor:joining thread
[4.210s] INFO:colcon.colcon_core.plugin_system:Skipping extension 'colcon_notification.desktop_notification.terminal_notifier': Not used on non-Darwin systems
[4.210s] INFO:colcon.colcon_core.plugin_system:Skipping extension 'colcon_notification.desktop_notification.win32': Not used on non-Windows systems
[4.210s] INFO:colcon.colcon_notification.desktop_notification:Sending desktop notification using 'notify2'
[4.246s] DEBUG:colcon.colcon_core.event_reactor:joined thread
[4.247s] INFO:colcon.colcon_core.shell:Creating prefix script '/home/orinnano/SDK_ros2_ws/src/offboard_ros2/install/local_setup.ps1'
[4.252s] INFO:colcon.colcon_core.shell:Creating prefix util module '/home/orinnano/SDK_ros2_ws/src/offboard_ros2/install/_local_setup_util_ps1.py'
[4.258s] INFO:colcon.colcon_core.shell:Creating prefix chain script '/home/orinnano/SDK_ros2_ws/src/offboard_ros2/install/setup.ps1'
[4.308s] INFO:colcon.colcon_core.shell:Creating prefix script '/home/orinnano/SDK_ros2_ws/src/offboard_ros2/install/local_setup.sh'
[4.310s] INFO:colcon.colcon_core.shell:Creating prefix util module '/home/orinnano/SDK_ros2_ws/src/offboard_ros2/install/_local_setup_util_sh.py'
[4.312s] INFO:colcon.colcon_core.shell:Creating prefix chain script '/home/orinnano/SDK_ros2_ws/src/offboard_ros2/install/setup.sh'
[4.346s] INFO:colcon.colcon_core.shell:Creating prefix script '/home/orinnano/SDK_ros2_ws/src/offboard_ros2/install/local_setup.bash'
[4.347s] INFO:colcon.colcon_core.shell:Creating prefix chain script '/home/orinnano/SDK_ros2_ws/src/offboard_ros2/install/setup.bash'
[4.377s] INFO:colcon.colcon_core.shell:Creating prefix script '/home/orinnano/SDK_ros2_ws/src/offboard_ros2/install/local_setup.zsh'
[4.378s] INFO:colcon.colcon_core.shell:Creating prefix chain script '/home/orinnano/SDK_ros2_ws/src/offboard_ros2/install/setup.zsh'
